<testsuites name="results">
  <testsuite name="all" package="all">
    <property name="random_seed" value="1746383433" />
    <testcase name="test_case_1_reset" classname="SystolicArray_test" file="/home/js2992/c2s2/c2s2_ip/src/systolic/test/SystolicArray_test.py" lineno="81" time="0.07836055755615234" sim_time_ns="2.501" ratio_time="31.916567186340014" />
    <testcase name="test_case_2_load_x" classname="SystolicArray_test" file="/home/js2992/c2s2/c2s2_ip/src/systolic/test/SystolicArray_test.py" lineno="92" time="0.09577536582946777" sim_time_ns="699.501" ratio_time="7303.55863370433" />
    <testcase name="test_case_3_load_w" classname="SystolicArray_test" file="/home/js2992/c2s2/c2s2_ip/src/systolic/test/SystolicArray_test.py" lineno="127" time="0.09564399719238281" sim_time_ns="699.501" ratio_time="7313.590194196829" />
    <testcase name="test_case_4_synchronous_load" classname="SystolicArray_test" file="/home/js2992/c2s2/c2s2_ip/src/systolic/test/SystolicArray_test.py" lineno="162" time="0.12149834632873535" sim_time_ns="699.501" ratio_time="5757.288235902206" />
    <testcase name="test_case_5_asynchronous_load" classname="SystolicArray_test" file="/home/js2992/c2s2/c2s2_ip/src/systolic/test/SystolicArray_test.py" lineno="219" time="0.184218168258667" sim_time_ns="1271.5010000000002" ratio_time="6902.147665558386" />
    <testcase name="test_case_6_synchronous_load_mac_out" classname="SystolicArray_test" file="/home/js2992/c2s2/c2s2_ip/src/systolic/test/SystolicArray_test.py" lineno="280" time="0.514350414276123" sim_time_ns="3400.501" ratio_time="6611.253545475868" />
    <testcase name="test_case_7_asynchronous_load_mac_out" classname="SystolicArray_test" file="/home/js2992/c2s2/c2s2_ip/src/systolic/test/SystolicArray_test.py" lineno="366" time="0.6321125030517578" sim_time_ns="3925.5009999999993" ratio_time="6210.130287010913" />
    <testcase name="test_case_8_asynchronous_load_mac_out_edge" classname="SystolicArray_test" file="/home/js2992/c2s2/c2s2_ip/src/systolic/test/SystolicArray_test.py" lineno="456" time="0.6041016578674316" sim_time_ns="3935.501" ratio_time="6514.63366926173" />
    <testcase name="test_case_9_general" classname="SystolicArray_test" file="/home/js2992/c2s2/c2s2_ip/src/systolic/test/SystolicArray_test.py" lineno="549" time="0.0056874752044677734" sim_time_ns="37.501000000000204" ratio_time="6593.611163445854" />
  </testsuite>
</testsuites>
